// Jest Snapshot v1, https://goo.gl/fbAQLP

exports[`PropViewer renders correctly 1`] = `
<h2>
   
   
</h2>
`;
